// Jest Snapshot v1, https://goo.gl/fbAQLP

exports[`Logo Component renders correctly 1`] = `
<View
  colors={
    [
      "#79BBCC",
      "#EA102F",
    ]
  }
  end={
    {
      "x": 1,
      "y": 1,
    }
  }
  start={
    {
      "x": 0,
      "y": 0,
    }
  }
  style={
    {
      "alignItems": "center",
      "height": 370,
      "justifyContent": "center",
      "width": "100%",
    }
  }
>
  <Image
    source="test-file-stub"
  />
</View>
`;
